// Jest Snapshot v1, https://goo.gl/fbAQLP

exports[`Pane component should match a snapshot 1`] = `
.c0 {
  margin-bottom: 10px;
  border: 1px solid #66748f;
  background: #e5e8ee;
  padding: 5px;
}

<div
  className="c0"
/>
`;
