// Jest Snapshot v1, https://goo.gl/fbAQLP

exports[`DateFormat component should match a snapshot 1`] = `
<span
  className=""
/>
`;
