// Jest Snapshot v1, https://goo.gl/fbAQLP

exports[`Spinner component should match a snapshot 1`] = `
.c0 {
  border-radius: 50%;
  width: 2em;
  height: 2em;
  position: absolute;
  font-size: 10px;
  text-indent: -9999em;
  border-top: 0.4em solid rgba(255,255,255,0.5);
  border-right: 0.4em solid rgba(255,255,255,0.5);
  border-bottom: 0.4em solid #66748f;
  border-left: 0.4em solid #66748f;
  -webkit-transform: translateZ(0);
  -ms-transform: translateZ(0);
  -webkit-transform: translateZ(0);
  -ms-transform: translateZ(0);
  transform: translateZ(0);
  -webkit-animation: load8 1.1s infinite linear;
  -webkit-animation: load8 1.1s infinite linear;
  animation: load8 1.1s infinite linear;
}

.c0::after {
  border-radius: 50%;
  width: 2em;
  height: 2em;
}

<div
  className="c0"
/>
`;
