// Jest Snapshot v1, https://goo.gl/fbAQLP

exports[`Space component should match a snapshot 1`] = `
.c0 {
  padding: 0 2px;
}

<span
  className=" c0"
/>
`;
