// Jest Snapshot v1, https://goo.gl/fbAQLP

exports[`Link component should match a snapshot 1`] = `
.c0 {
  cursor: pointer;
  -webkit-text-decoration: none;
  text-decoration: none;
  color: #66748f;
}

.c0:hover {
  -webkit-text-decoration: underline;
  text-decoration: underline;
}

<a
  className="c0"
  href="#"
>
  Link
</a>
`;
