// Jest Snapshot v1, https://goo.gl/fbAQLP

exports[`Loading component should match a snapshot 1`] = `
.c0 {
  border: 1px solid #111111;
  font-size: 34px;
  font-weight: bold;
  padding: 10px;
  text-align: center;
}

<div
  className="c0"
  data-test="loading"
>
  Loading data...
</div>
`;
